66b74d2b7465bd934192bb49edade3fbcf16faab26e7706e6073e8fb58be124b  ./cells.log
66b74d2b7465bd934192bb49edade3fbcf16faab26e7706e6073e8fb58be124b  ./cells.txt
0fbf81e0468c8d9e4f32ffdbfe32db617879ca1655c3aa9f796843919965907e  ./cells_moved.json
2c137cde0d930d263f4d35ffab75ead9affaef139746847dfd0c906912befc8b  ./door_report.txt
ad4318fecd540384bfe0fa916e3efb4cb6469f349cf6b747afa45248e62588ba  ./facts.json
a595a68162c3bb5ab0db4e7ad63c64075813176b02d575e9912f6eda8f125a39  ./facts.log
a595a68162c3bb5ab0db4e7ad63c64075813176b02d575e9912f6eda8f125a39  ./facts.txt
d80f5ff11f9e33cb59c106ad7d6b19b8a885ce4f4e19a47a1d7c2722cae09423  ./now_snapshot.json
e2f4c2742b55ba7a7acdf5f7ef883e4037e122dc3c35e8143ecd47691bb5f3d8  ./reports/chillers.log
4be73e3b68f713ab32de9f9484dbc5dee1c527ac38d309ae987f5af5fccc8715  ./reports/explosive.log
2f13448a8be23a8666bce3bbfff7313678fbea04c74eab2c23204a9c591ce608  ./reports/freezers.log
f7b68b8a5799fe28e7c5ed1c52504c480ec16694179aaadcb0d11b6ae15ced92  ./reports/icecream.log
a83b32ecf2cfec07e18a2069065ea05fe5b5e0786aa2f60c84ab876fc131fec3  ./reports/prod_chillers.csv
bd3d35531748ccfe64e9719d4bed8c596f9e5c060b97d14474bd9c94c42d7fdb  ./reports/prod_chillers.html
8296d364cb3882d7af529f1c561a87f174f459cc34f8b39c9d923e6c450f927c  ./reports/prod_chillers.json
10e665dbfc45e0bddde0484156bb54b29ec220db0e55f9fa6d407259444edfc4  ./reports/prod_chillers.md
fa858ea18903ca34b97d5a291f4e4fc7f822d0321a35e2610909f9fb2f259b18  ./reports/prod_explosive.csv
a300a299348215473de5a417379e1eddd054421fe921555484b5e6b7f8775418  ./reports/prod_explosive.html
06fee7979113e3ae880cd0656bc5a2bb8eb841010b55d9b99add2f359cd96489  ./reports/prod_explosive.json
25b357d43f4e308f0a928cb4742e72c0bd006d3d6906acc5f3097d10e50493ba  ./reports/prod_explosive.md
0177de9549b38f72a3ceb2b28e470c7e2f827f3a2a13f77a613f35266e68d418  ./reports/prod_freezers.csv
69654051696fd5893eb6b3b7a2baa7297a1c7c10ca9e2e18bfbe6bcf197fc623  ./reports/prod_freezers.html
f01102650bd2be4b3d1f05bfd2a28bdc082c3356bd930568361c7ad3f464069f  ./reports/prod_freezers.json
1150a1f500ffe7d44c48de4cb51051a5de5bc4e74b27877155496feb1eb0198f  ./reports/prod_freezers.md
dd4faa58704d97beb3dfba282f3d311711f7479a477d989c1c8c91f2c20b1a55  ./reports/prod_icecream.csv
3bc87299babeee9364ff50ed8548926a0fe45439d97b5b190291d8723c980a31  ./reports/prod_icecream.html
abc532e5fb5e480bbab186ba4d437c6b683fa668ae696db0b05c240254b6d7a1  ./reports/prod_icecream.json
2d12e2b1a4bd97ecc7f12f37f832d791856f94653f9ad55852a1b327f7191fe1  ./reports/prod_icecream.md
1b4cf3335d7a417000144a2a261443c84663d1282c6d970d2c277165548de4c7  ./reports/prod_smoke.csv
32bad31e768523092f1806f563971daf7791ef4590e298cd78c2393ca21f278a  ./reports/prod_smoke.html
f9dee76f2f4a473152dd5f32df96ba94be7faa9c1fc61e4045c7b48473387fa2  ./reports/prod_smoke.json
600940568b1336e21d5fb3bad3a419d980eec942d922ea150fb47f481b040f0a  ./reports/prod_smoke.md
8c21689ec49e81353dfd5f5f04f0ce068192a953dbc612bdc1325445e992c2e7  ./reports/smoke.log
fc2c9ffce269ed5526af3195deb1c83b8930d8595727af995b2f737c9d7e7199  ./snapshot_diff.json
ea85985dca379c79dec10432bb238e9fae0e85b7fab9491f70cb63d379cd8d22  ./verdicts.txt
